// Jest Snapshot v1, https://goo.gl/fbAQLP

exports[`Greeter should return greeting 1`] = `
<div
  className="container"
  id="app"
>
  <h2
    className="text-center"
  >
    Your fist React+Bootstrap app
  </h2>
  <div
    className="row"
  >
    <div
      className="col-4 text-right pt-4"
    >
      <p>
        Your name:
      </p>
    </div>
    <div
      className="col align-middle"
    >
      <input
        className="form-control mt-4"
        id="username"
        onKeyUp={[Function]}
        placeholder="Enter your name ..."
        type="text"
      />
    </div>
  </div>
  <div
    className="row mt-3"
  >
    <div
      className="col-3"
    >
      Â 
    </div>
    <div
      className="col"
    >
      <p
        className="my-style mt-2"
      >
        
      </p>
    </div>
  </div>
</div>
`;
